kotlin version: 2.0.0
error message: java.lang.IllegalStateException: IrSimpleFunctionPublicSymbolImpl for org.example.project/main|main(){}[0] is already bound: FUN name:main visibility:public modality:FINAL <> () returnType:<unbound IrClassPublicSymbolImpl>
	at org.jetbrains.kotlin.ir.symbols.impl.IrBindablePublicSymbolBase.bind(IrPublicSymbolBase.kt:69)
	at org.jetbrains.kotlin.ir.declarations.impl.IrFunctionImpl.<init>(IrFunctionImpl.kt:79)
	at org.jetbrains.kotlin.ir.declarations.impl.AbstractIrFactoryImpl.createSimpleFunction(IrFactoryImpl.kt:197)
	at org.jetbrains.kotlin.ir.declarations.impl.IrFactoryImplForJsIC.createSimpleFunction(IrFactoryImplForJsIC.kt:184)
	at org.jetbrains.kotlin.ir.declarations.IrFactory$DefaultImpls.createSimpleFunction$default(IrFactory.kt:156)
	at org.jetbrains.kotlin.backend.common.serialization.IrDeclarationDeserializer.deserializeIrFunction$lambda$43$lambda$40(IrDeclarationDeserializer.kt:606)
	at org.jetbrains.kotlin.ir.util.SymbolTable.declareSimpleFunction(SymbolTable.kt:920)
	at org.jetbrains.kotlin.backend.common.serialization.IrDeclarationDeserializer.deserializeIrFunction$ir_serialization_common(IrDeclarationDeserializer.kt:604)
	at org.jetbrains.kotlin.backend.common.serialization.IrDeclarationDeserializer.deserializeDeclaration(IrDeclarationDeserializer.kt:821)
	at org.jetbrains.kotlin.backend.common.serialization.IrDeclarationDeserializer.deserializeDeclaration$default(IrDeclarationDeserializer.kt:815)
	at org.jetbrains.kotlin.backend.common.serialization.IrFileDeserializer.deserializeDeclaration(IrFileDeserializer.kt:40)
	at org.jetbrains.kotlin.backend.common.serialization.FileDeserializationState.deserializeAllFileReachableTopLevel(IrFileDeserializer.kt:127)
	at org.jetbrains.kotlin.backend.common.serialization.BasicIrModuleDeserializer$ModuleDeserializationState.deserializeReachableDeclarations(BasicIrModuleDeserializer.kt:173)
	at org.jetbrains.kotlin.backend.common.serialization.BasicIrModuleDeserializer.deserializeReachableDeclarations(BasicIrModuleDeserializer.kt:141)
	at org.jetbrains.kotlin.backend.common.serialization.KotlinIrLinker.deserializeAllReachableTopLevels(KotlinIrLinker.kt:110)
	at org.jetbrains.kotlin.backend.common.serialization.KotlinIrLinker.findDeserializedDeclarationForSymbol(KotlinIrLinker.kt:121)
	at org.jetbrains.kotlin.backend.common.serialization.KotlinIrLinker.deserializeOrResolveDeclaration(KotlinIrLinker.kt:158)
	at org.jetbrains.kotlin.backend.common.serialization.KotlinIrLinker.getDeclaration(KotlinIrLinker.kt:147)
	at org.jetbrains.kotlin.ir.util.ExternalDependenciesGenerator.generateUnboundSymbolsAsDependencies(ExternalDependenciesGenerator.kt:39)
	at org.jetbrains.kotlin.ir.backend.js.ic.LoadedJsIr.loadUnboundSymbols(JsIrLinkerLoader.kt:80)
	at org.jetbrains.kotlin.ir.backend.js.ic.JsIrLinkerLoader.loadIr(JsIrLinkerLoader.kt:247)
	at org.jetbrains.kotlin.ir.backend.js.ic.JsIrLinkerLoader.loadIr$default(JsIrLinkerLoader.kt:191)
	at org.jetbrains.kotlin.ir.backend.js.ic.CacheUpdater.loadIrForDirtyFilesAndInitCompiler(CacheUpdater.kt:704)
	at org.jetbrains.kotlin.ir.backend.js.ic.CacheUpdater.loadIrAndMakeIrFragmentGenerators(CacheUpdater.kt:768)
	at org.jetbrains.kotlin.ir.backend.js.ic.CacheUpdater.actualizeCaches(CacheUpdater.kt:804)
	at org.jetbrains.kotlin.cli.js.K2JsIrCompiler.prepareIcCaches(K2JsIrCompiler.kt:716)
	at org.jetbrains.kotlin.cli.js.K2JsIrCompiler.doExecute(K2JsIrCompiler.kt:308)
	at org.jetbrains.kotlin.cli.js.K2JSCompiler.doExecute(K2JSCompiler.java:109)
	at org.jetbrains.kotlin.cli.js.K2JSCompiler.doExecute(K2JSCompiler.java:72)
	at org.jetbrains.kotlin.cli.common.CLICompiler.execImpl(CLICompiler.kt:104)
	at org.jetbrains.kotlin.cli.common.CLICompiler.execImpl(CLICompiler.kt:48)
	at org.jetbrains.kotlin.cli.common.CLITool.exec(CLITool.kt:101)
	at org.jetbrains.kotlin.daemon.CompileServiceImpl.compile(CompileServiceImpl.kt:1556)
	at jdk.internal.reflect.GeneratedMethodAccessor20.invoke(Unknown Source)
	at java.base/jdk.internal.reflect.DelegatingMethodAccessorImpl.invoke(DelegatingMethodAccessorImpl.java:43)
	at java.base/java.lang.reflect.Method.invoke(Method.java:569)
	at java.rmi/sun.rmi.server.UnicastServerRef.dispatch(UnicastServerRef.java:360)
	at java.rmi/sun.rmi.transport.Transport$1.run(Transport.java:200)
	at java.rmi/sun.rmi.transport.Transport$1.run(Transport.java:197)
	at java.base/java.security.AccessController.doPrivileged(AccessController.java:712)
	at java.rmi/sun.rmi.transport.Transport.serviceCall(Transport.java:196)
	at java.rmi/sun.rmi.transport.tcp.TCPTransport.handleMessages(TCPTransport.java:587)
	at java.rmi/sun.rmi.transport.tcp.TCPTransport$ConnectionHandler.run0(TCPTransport.java:828)
	at java.rmi/sun.rmi.transport.tcp.TCPTransport$ConnectionHandler.lambda$run$0(TCPTransport.java:705)
	at java.base/java.security.AccessController.doPrivileged(AccessController.java:399)
	at java.rmi/sun.rmi.transport.tcp.TCPTransport$ConnectionHandler.run(TCPTransport.java:704)
	at java.base/java.util.concurrent.ThreadPoolExecutor.runWorker(ThreadPoolExecutor.java:1136)
	at java.base/java.util.concurrent.ThreadPoolExecutor$Worker.run(ThreadPoolExecutor.java:635)
	at java.base/java.lang.Thread.run(Thread.java:840)


